// Jest Snapshot v1, https://goo.gl/fbAQLP

exports[`VueMapfit methods generate correct scripts to match snapshot 1`] = `
<div
  id="vue-mapfit"
/>
`;
